id: 4710726070
type: node
shop: gift
latitude: 35.2653683
longitude: -106.21367450000001
postcode: ""
city: Golden
street: "Turquoise Trail"
housenumber: 
phone: ""
opening_hours: ""
website: "https://www.hendersonstore.com/"
